// Vitest Snapshot v1, https://vitest.dev/guide/snapshot.html

exports[`IndeterminateLoader > should fully render 1`] = `
<div>
  <div
    class="mantine-Progress-root mantine-cfbpgz"
  >
    <div
      aria-valuemax="100"
      aria-valuemin="0"
      aria-valuenow="100"
      class="mantine-18fgoy1 mantine-Progress-bar"
      role="progressbar"
      style="width: 100%;"
    />
  </div>
</div>
`;
